#./src/main/resources/Entities.map
#Thu Apr 25 13:53:24 CEST 2019
application4=730
application3=729
application2=728
application1=727
miscellaneousData2=687
miscellaneousData1=682
userAccountCompany2=649
userAccountCompany1=648
trashBoxSystem=654
finder2=678
spamBoxSystem=656
finder1=677
trashBoxHacker2=714
trashBoxHacker1=709
outBoxHacker2=712
outBoxHacker1=707
inBoxAdministrator2=703
inBoxAdministrator1=698
personalData6=696
personalData5=694
personalData4=692
personalData3=690
personalData2=685
personalData1=680
inBoxCompany2=723
spamBoxAdministrator2=706
inBoxCompany1=718
spamBoxAdministrator1=701
userAccountHacker2=647
userAccountHacker1=646
userAccountSystem=650
administrator2=658
administrator1=657
curricula6=695
curricula5=693
curricula4=691
curricula3=689
curricula2=684
position6=669
curricula1=679
problem7=676
position5=668
problem6=675
position4=667
problem5=674
position3=666
problem4=673
position2=665
problem3=672
position1=664
problem2=671
problem1=670
inBoxSystem=653
company2=662
company1=661
userAccountAdmin2=645
userAccountAdmin1=644
configurationParameters=663
system=651
spamBoxCompany2=726
spamBoxCompany1=721
notificationBoxSystem=655
spamBoxHacker2=716
positionData2=688
spamBoxHacker1=711
positionData1=683
notificationBoxCompany2=725
notificationBoxCompany1=720
educationData2=686
educationData1=681
trashBoxCompany2=724
trashBoxCompany1=719
hacker2=660
notificationBoxAdministrator2=705
hacker1=659
notificationBoxAdministrator1=700
trashBoxAdministrator2=704
trashBoxAdministrator1=699
inBoxHacker2=713
notificationBoxHacker2=715
inBoxHacker1=708
notificationBoxHacker1=710
outBoxSystem=652
outBoxCompany2=722
outBoxCompany1=717
outBoxAdministrator2=702
outBoxAdministrator1=697
