#./src/main/resources/Entities.map
#Sat May 04 12:29:18 CEST 2019
application4=1306
application3=1305
application2=1304
application1=1303
miscellaneousData2=1233
miscellaneousData1=1228
trashBoxRooky2=1280
trashBoxRooky1=1275
userAccountCompany2=1189
userAccountCompany1=1188
trashBoxSystem=1198
spamBoxRooky2=1282
spamBoxRooky1=1277
inBoxProvider2=1269
item4=1248
inBoxProvider1=1264
item3=1247
item2=1246
item1=1245
notificationBoxAuditor2=1301
finder2=1224
spamBoxSystem=1200
notificationBoxAuditor1=1296
finder1=1223
spamBoxAuditor2=1302
spamBoxAuditor1=1297
inBoxAdministrator2=1259
outBoxProvider2=1268
inBoxAdministrator1=1254
outBoxProvider1=1263
provider2=1244
provider1=1243
trashBoxAuditor2=1300
spamBoxProvider2=1272
trashBoxAuditor1=1295
spamBoxProvider1=1267
personalData6=1242
personalData5=1240
personalData4=1238
personalData3=1236
personalData2=1231
personalData1=1226
inBoxCompany2=1289
spamBoxAdministrator2=1262
inBoxCompany1=1284
spamBoxAdministrator1=1257
audit2=1250
audit1=1249
userAccountRooky2=1187
userAccountRooky1=1186
userAccountSystem=1194
administrator2=1202
trashBoxProvider2=1270
administrator1=1201
trashBoxProvider1=1265
curricula6=1241
curricula5=1239
curricula4=1237
curricula3=1235
curricula2=1230
position6=1215
curricula1=1225
problem7=1222
notificationBoxProvider2=1271
position5=1214
problem6=1221
inBoxRooky2=1279
notificationBoxProvider1=1266
position4=1213
problem5=1220
inBoxRooky1=1274
position3=1212
problem4=1219
position2=1211
problem3=1218
position1=1210
problem2=1217
problem1=1216
inBoxSystem=1197
company2=1206
company1=1205
rooky2=1204
userAccountAdmin2=1185
rooky1=1203
userAccountAdmin1=1184
configurationParameters=1209
system=1195
notificationBoxRooky2=1281
userAccountAuditor2=1193
notificationBoxRooky1=1276
userAccountAuditor1=1192
spamBoxCompany2=1292
spamBoxCompany1=1287
outBoxAuditor2=1298
notificationBoxSystem=1199
outBoxAuditor1=1293
positionData2=1234
positionData1=1229
notificationBoxCompany2=1291
notificationBoxCompany1=1286
educationData2=1232
educationData1=1227
trashBoxCompany2=1290
trashBoxCompany1=1285
notificationBoxAdministrator2=1261
notificationBoxAdministrator1=1256
inBoxAuditor2=1299
inBoxAuditor1=1294
userAccountProvider2=1191
userAccountProvider1=1190
trashBoxAdministrator2=1260
trashBoxAdministrator1=1255
sponsorship2=1252
sponsorship1=1251
outBoxRooky2=1278
outBoxRooky1=1273
outBoxSystem=1196
auditor2=1208
outBoxCompany2=1288
auditor1=1207
outBoxCompany1=1283
outBoxAdministrator2=1258
outBoxAdministrator1=1253
